ASC Result:
---------------
{
  "data": {
    "root": [
      {
        "bar": {
          "foo": {
            "barString": "testatest"
          }
        }
      },
      {
        "bar": {
          "foo": {
            "barString": "testbtest"
          }
        }
      },
      {
        "bar": {
          "foo": {
            "barString": "testctest"
          }
        }
      }
    ]
  }
}
---------------

ASC SQL:
---------------
SELECT "d"."Id", "d"."BarId"
FROM "Data" AS "d"
INNER JOIN "Bar" AS "b" ON "d"."BarId" = "b"."Id"
INNER JOIN "Foo" AS "f" ON "b"."FooId" = "f"."Id"
ORDER BY "f"."BarString"
---------------

DESC Result:
---------------
{
  "data": {
    "root": [
      {
        "bar": {
          "foo": {
            "barString": "testctest"
          }
        }
      },
      {
        "bar": {
          "foo": {
            "barString": "testbtest"
          }
        }
      },
      {
        "bar": {
          "foo": {
            "barString": "testatest"
          }
        }
      }
    ]
  }
}
---------------

DESC SQL:
---------------
SELECT "d"."Id", "d"."BarId"
FROM "Data" AS "d"
INNER JOIN "Bar" AS "b" ON "d"."BarId" = "b"."Id"
INNER JOIN "Foo" AS "f" ON "b"."FooId" = "f"."Id"
ORDER BY "f"."BarString" DESC
---------------
